{
  "extends": "../../tsconfig.json",
  "compilerOptions": {
    "typeRoots": ["node_modules/@types"],
    "declaration": true,
    "target": "ES5",
    "skipLibCheck": true,
    "noImplicitAny": false
  },
  "exclude": ["node_modules"]
}
