{
  "extends": "../../tsconfig.json",
  "compilerOptions": {
    "typeRoots": ["node_modules/@types"],
    "declaration": true
  },
  "exclude": ["node_modules"]
}
